Ładowanie modelu InsightFace (ArcFace)... (to może potrwać chwilę)
Applied providers: ['CUDAExecutionProvider', 'CPUExecutionProvider'], with options: {'CPUExecutionProvider': {}, 'CUDAExecutionProvider': {'sdpa_kernel': '0', 'use_tf32': '1', 'fuse_conv_bias': '0', 'prefer_nhwc': '0', 'tunable_op_max_tuning_duration_ms': '0', 'enable_skip_layer_norm_strict_mode': '0', 'tunable_op_tuning_enable': '0', 'tunable_op_enable': '0', 'use_ep_level_unified_stream': '0', 'device_id': '0', 'has_user_compute_stream': '0', 'gpu_external_empty_cache': '0', 'cudnn_conv_algo_search': 'EXHAUSTIVE', 'cudnn_conv1d_pad_to_nc1d': '0', 'gpu_mem_limit': '18446744073709551615', 'gpu_external_alloc': '0', 'gpu_external_free': '0', 'arena_extend_strategy': 'kNextPowerOfTwo', 'do_copy_in_default_stream': '1', 'enable_cuda_graph': '0', 'user_compute_stream': '0', 'cudnn_conv_use_max_workspace': '1'}}
find model: ./insightface_models/models/buffalo_s/1k3d68.onnx landmark_3d_68 ['None', 3, 192, 192] 0.0 1.0
Applied providers: ['CUDAExecutionProvider', 'CPUExecutionProvider'], with options: {'CPUExecutionProvider': {}, 'CUDAExecutionProvider': {'sdpa_kernel': '0', 'use_tf32': '1', 'fuse_conv_bias': '0', 'prefer_nhwc': '0', 'tunable_op_max_tuning_duration_ms': '0', 'enable_skip_layer_norm_strict_mode': '0', 'tunable_op_tuning_enable': '0', 'tunable_op_enable': '0', 'use_ep_level_unified_stream': '0', 'device_id': '0', 'has_user_compute_stream': '0', 'gpu_external_empty_cache': '0', 'cudnn_conv_algo_search': 'EXHAUSTIVE', 'cudnn_conv1d_pad_to_nc1d': '0', 'gpu_mem_limit': '18446744073709551615', 'gpu_external_alloc': '0', 'gpu_external_free': '0', 'arena_extend_strategy': 'kNextPowerOfTwo', 'do_copy_in_default_stream': '1', 'enable_cuda_graph': '0', 'user_compute_stream': '0', 'cudnn_conv_use_max_workspace': '1'}}
find model: ./insightface_models/models/buffalo_s/2d106det.onnx landmark_2d_106 ['None', 3, 192, 192] 0.0 1.0
Applied providers: ['CUDAExecutionProvider', 'CPUExecutionProvider'], with options: {'CPUExecutionProvider': {}, 'CUDAExecutionProvider': {'sdpa_kernel': '0', 'use_tf32': '1', 'fuse_conv_bias': '0', 'prefer_nhwc': '0', 'tunable_op_max_tuning_duration_ms': '0', 'enable_skip_layer_norm_strict_mode': '0', 'tunable_op_tuning_enable': '0', 'tunable_op_enable': '0', 'use_ep_level_unified_stream': '0', 'device_id': '0', 'has_user_compute_stream': '0', 'gpu_external_empty_cache': '0', 'cudnn_conv_algo_search': 'EXHAUSTIVE', 'cudnn_conv1d_pad_to_nc1d': '0', 'gpu_mem_limit': '18446744073709551615', 'gpu_external_alloc': '0', 'gpu_external_free': '0', 'arena_extend_strategy': 'kNextPowerOfTwo', 'do_copy_in_default_stream': '1', 'enable_cuda_graph': '0', 'user_compute_stream': '0', 'cudnn_conv_use_max_workspace': '1'}}
find model: ./insightface_models/models/buffalo_s/det_500m.onnx detection [1, 3, '?', '?'] 127.5 128.0
Applied providers: ['CUDAExecutionProvider', 'CPUExecutionProvider'], with options: {'CPUExecutionProvider': {}, 'CUDAExecutionProvider': {'sdpa_kernel': '0', 'use_tf32': '1', 'fuse_conv_bias': '0', 'prefer_nhwc': '0', 'tunable_op_max_tuning_duration_ms': '0', 'enable_skip_layer_norm_strict_mode': '0', 'tunable_op_tuning_enable': '0', 'tunable_op_enable': '0', 'use_ep_level_unified_stream': '0', 'device_id': '0', 'has_user_compute_stream': '0', 'gpu_external_empty_cache': '0', 'cudnn_conv_algo_search': 'EXHAUSTIVE', 'cudnn_conv1d_pad_to_nc1d': '0', 'gpu_mem_limit': '18446744073709551615', 'gpu_external_alloc': '0', 'gpu_external_free': '0', 'arena_extend_strategy': 'kNextPowerOfTwo', 'do_copy_in_default_stream': '1', 'enable_cuda_graph': '0', 'user_compute_stream': '0', 'cudnn_conv_use_max_workspace': '1'}}
find model: ./insightface_models/models/buffalo_s/genderage.onnx genderage ['None', 3, 96, 96] 0.0 1.0
Applied providers: ['CUDAExecutionProvider', 'CPUExecutionProvider'], with options: {'CPUExecutionProvider': {}, 'CUDAExecutionProvider': {'sdpa_kernel': '0', 'use_tf32': '1', 'fuse_conv_bias': '0', 'prefer_nhwc': '0', 'tunable_op_max_tuning_duration_ms': '0', 'enable_skip_layer_norm_strict_mode': '0', 'tunable_op_tuning_enable': '0', 'tunable_op_enable': '0', 'use_ep_level_unified_stream': '0', 'device_id': '0', 'has_user_compute_stream': '0', 'gpu_external_empty_cache': '0', 'cudnn_conv_algo_search': 'EXHAUSTIVE', 'cudnn_conv1d_pad_to_nc1d': '0', 'gpu_mem_limit': '18446744073709551615', 'gpu_external_alloc': '0', 'gpu_external_free': '0', 'arena_extend_strategy': 'kNextPowerOfTwo', 'do_copy_in_default_stream': '1', 'enable_cuda_graph': '0', 'user_compute_stream': '0', 'cudnn_conv_use_max_workspace': '1'}}
find model: ./insightface_models/models/buffalo_s/w600k_mbf.onnx recognition ['None', 3, 112, 112] 127.5 127.5
set det-size: (224, 224)
Inicjalizacja zakończona pomyślnie.
Wykrywanie struktury plików w ../../scripts/casia_dataset/webface_112x112/test...
Znaleziono łącznie 47913 plików .jpg.

Wykryto 1058 folderów tożsamości z kompletnymi parami JPG/JSON.

--- Ewaluacja Zakończona ---
Całkowita liczba zapytań: 17096
Poprawne trafienia Top-1: 15056
Celność Top-1: 88.07%
Gotowe.